npm notice run kothari-learning-system@1.0.0 web:export
npm notice run node scripts/web.js export
public/canvaskit.wasm  (7887 KB)
public/sql-wasm-browser.wasm  (643 KB)
npm notice run kothari-learning-system@1.0.0 npx
npm notice run expo export --platform web --output-dir dist-web --clear
Starting Metro Bundler

warning: Bundler cache is empty, rebuilding (this may take a minute)
| (node:17908) Warning: The 'NO_COLOR' env is ignored due to the 'FORCE_COLOR' env being set.
| (Use `node --trace-warnings ...` to show where the warning was created)
| (node:17908) Warning: The 'NO_COLOR' env is ignored due to the 'FORCE_COLOR' env being set.
| (Use `node --trace-warnings ...` to show where the warning was created)
| (node:17908) Warning: The 'NO_COLOR' env is ignored due to the 'FORCE_COLOR' env being set.
| (Use `node --trace-warnings ...` to show where the warning was created)
| (node:17908) Warning: The 'NO_COLOR' env is ignored due to the 'FORCE_COLOR' env being set.
| (Use `node --trace-warnings ...` to show where the warning was created)
| (node:17908) Warning: The 'NO_COLOR' env is ignored due to the 'FORCE_COLOR' env being set.
| (Use `node --trace-warnings ...` to show where the warning was created)
| (node:17908) Warning: The 'NO_COLOR' env is ignored due to the 'FORCE_COLOR' env being set.
| (Use `node --trace-warnings ...` to show where the warning was created)
| (node:17908) Warning: The 'NO_COLOR' env is ignored due to the 'FORCE_COLOR' env being set.
| (Use `node --trace-warnings ...` to show where the warning was created)
| (node:17908) Warning: The 'NO_COLOR' env is ignored due to the 'FORCE_COLOR' env being set.
| (Use `node --trace-warnings ...` to show where the warning was created)
| (node:17908) Warning: The 'NO_COLOR' env is ignored due to the 'FORCE_COLOR' env being set.
| (Use `node --trace-warnings ...` to show where the warning was created)
| (node:17908) Warning: The 'NO_COLOR' env is ignored due to the 'FORCE_COLOR' env being set.
| (Use `node --trace-warnings ...` to show where the warning was created)
| (node:17908) Warning: The 'NO_COLOR' env is ignored due to the 'FORCE_COLOR' env being set.
| (Use `node --trace-warnings ...` to show where the warning was created)
| (node:17908) Warning: The 'NO_COLOR' env is ignored due to the 'FORCE_COLOR' env being set.
| (Use `node --trace-warnings ...` to show where the warning was created)
Web Bundled 9044ms index.ts (1646 modules)

› Assets (186):
assets\dev\art\cabin\backing.023a691c11e5adb56670c36e4c55f0a9.png (21KB)
assets\dev\art\cabin\ceiling.f9e0fb6e9b83b42917acd54e1058a4f4.png (1.9KB)
assets\dev\art\cabin\door-left.63e1d2180e8ed2cc3b2944ff78266917.png (5.7KB)
assets\dev\art\cabin\door-right.dc89ec10c7342b8b7151d4fdb65f4fdc.png (5.7KB)
assets\dev\art\cabin\floor.f14fa4ebe875af6b2b110629bbef7623.png (4.9KB)
assets\dev\art\cabin\frame-left.40db0efbccbed1df9d1281f4b8878359.png (1.8KB)
assets\dev\art\cabin\frame-right.40db0efbccbed1df9d1281f4b8878359.png (1.8KB)
assets\dev\art\cabin\frame-top.cc8711574c47bcf8c501ac32788ee48c.png (1.4KB)
assets\dev\art\cabin\inlay.c19caa20a7f5c4ed25666b87e5713b4c.png (2.1KB)
assets\dev\art\cabin\light.6ff117873ce08b592349b99a50969075.png (5.3KB)
assets\dev\art\cabin\wall-left.786cfb2df589bedd4a8f1a304cbf9b67.png (4.5KB)
assets\dev\art\cabin\wall-right.e2df0c7bf14d3cc046a1d2bbd1dcf34c.png (4.6KB)
assets\dev\art\icons\floor-13.d5d7260a9b1c0038419abe4d9422573b.png (1.1KB)
assets\dev\art\icons\floor-20.0ff7c8dfce879ef3858085402d54c2d3.png (1.2KB)
assets\dev\art\icons\floor-7.dfbd62a000abb53c320c3e3663d90dd5.png (1.1KB)
assets\dev\art\icons\floor-9.0f08168b185c6a336864576e6fa1be95.png (1.1KB)
assets\dev\art\landings\13\background.44db941b397929d16b96421984645f65.png (24KB)
assets\dev\art\landings\13\hook.e27a38bc2c1da72551f4d8128929e22f.png (952B)
assets\dev\art\landings\15\background.9e710a0db7450ec65a4c31054adb380a.png (24KB)
assets\dev\art\landings\15\core.3a66cac18083639f1316fb32f9d1c56f.png (927B)
assets\dev\art\landings\15\light-dormant.403c0018d5c08670f1e6139c5cb75102.png (1.8KB)
assets\dev\art\landings\15\light-restored.d6d7f0ca6cfc4230cb74993e8bfccf58.png (3.5KB)
assets\dev\art\landings\20\background.00a930836e157fde0fcdfb892b44dba1.webp (908B)
assets\dev\art\landings\20\flag.2fe079c9cc2cf3725c1acafe77a37f1a.png (722B)
assets\dev\art\landings\7\background.5a863ec6cd622c813b637af7530a93bf.png (24KB)
assets\dev\art\landings\7\platform.24371a604fa3efa0219b69593e48f313.png (458B)
assets\dev\art\landings\9\background.d80b59b15e84f3aa98554b030fdd8b30.png (24KB)
assets\dev\art\landings\9\turbine.3ad3420fec1b9679377ba7ceef596bf1.png (2.8KB)
assets\dev\art\lifty\concerned.6b619af3ba4e3218a343933381856137.png (2.8KB)
assets\dev\art\lifty\help.25f91fe6f300016eff5d03ee4ea4770a.png (2.9KB)
assets\dev\art\lifty\neutral.b4040a074410780ff06274c1798c588b.png (2.8KB)
assets\dev\art\lifty\quiet.7eb08921bbee139eb481274e0708fb9d.png (2.8KB)
assets\dev\art\lifty\success.bf1988930d9f1338924c90b1f42583e5.png (2.8KB)
assets\dev\art\lifty\thinking.3d7507c8c755a7c81caa68126cb67d97.png (2.8KB)
assets\dev\art\objects\beacon.074b242f5e12d4247efd18f140c8d3f4.png (1.8KB)
assets\dev\art\objects\crew.07153b76dc21679b50c6057bdcfb595f.png (2.1KB)
assets\dev\art\objects\loading-dock.fd942c20136fd81c7846cebd6e830a62.png (2.2KB)
assets\dev\art\objects\repair-kit.5613021cdeea98d581ba15d837b8f27a.png (1.6KB)
assets\dev\art\objects\spare-parts.48bd5d66bca0a932c03b11abe2b26f5a.png (1.7KB)
assets\dev\art\objects\toolbox.e2e1dea2d34e65da20f41ac7ff2eb467.png (1.7KB)
assets\dev\audio\narration-placeholder.4e0e8f19a8d93f24b6c5d740cc1d6568.m4a (21KB)
assets\dev\audio\success-chime.38976d4f8e99a47b4abd1a61cdb9530b.m4a (5.8KB)
assets\dev\audio\success-chime.df68b87879cdfa1285f0dbb1dbb472b6.wav (32KB)
assets\themes\elevator-quest\art\cabin\backing.170d6fe1d4c459003cf2330e7f741387.webp (693KB)
assets\themes\elevator-quest\art\cabin\ceiling.f46018ce95d3ded61a60f2b865fb99dc.webp (110KB)
assets\themes\elevator-quest\art\cabin\door-left.6bd68ee43d003e3119699cf3ddc4d706.webp (176KB)
assets\themes\elevator-quest\art\cabin\door-right.b1349472775def2ba91dd29f9cade2bb.webp (176KB)
assets\themes\elevator-quest\art\cabin\floor.0b739d8a8079c475f57c10e77698cc4a.webp (159KB)
assets\themes\elevator-quest\art\cabin\frame-left.62499e37f1db1740912b4f8707a85b81.webp (19KB)
assets\themes\elevator-quest\art\cabin\frame-right.9139f9780e23a2261b71057b91f16446.webp (19KB)
assets\themes\elevator-quest\art\cabin\frame-top.3cc8a5b5b831c5c33b71d53a2ac71d9e.webp (21KB)
assets\themes\elevator-quest\art\cabin\wall-left.f721fe2b4433941a18c9a1c6178e8af0.webp (61KB)
assets\themes\elevator-quest\art\cabin\wall-right.719c6ffa2e4ccf483ce78cb097b8dae2.webp (60KB)
assets\themes\elevator-quest\art\landings\1\background.a746f8db25f03b9adb117ace521d11c5.webp (133KB)
assets\themes\elevator-quest\art\landings\10\background.9cf066b6d06b1c0b22e5f22dbfb2df41.webp (88KB)
assets\themes\elevator-quest\art\landings\11\background.d14677122c7a174db4cbdfe199e259a6.webp (91KB)
assets\themes\elevator-quest\art\landings\12\background.6eeae8be280cdb2dd076bddd6887838f.webp (96KB)
assets\themes\elevator-quest\art\landings\13\background.124c126211cdc15cd0e3940c72286d9b.webp (109KB)
assets\themes\elevator-quest\art\landings\14\background.f6a3aaf2030343ddac96f4f0da7c4f56.webp (76KB)
assets\themes\elevator-quest\art\landings\14\lamp.af008697f19630b6b705d8ba05365cb7.webp (15KB)
assets\themes\elevator-quest\art\landings\15\background-restored.1c4c96ed195ee569cc0847a464231046.webp (173KB)
assets\themes\elevator-quest\art\landings\15\background.dfb67d22b0cdab8e128819214bb2ce9f.webp (114KB)
assets\themes\elevator-quest\art\landings\16\background.47e3e1ec9e21bf87241c28aa867e1c4c.webp (88KB)
assets\themes\elevator-quest\art\landings\17\background.7126c401169edc0462f97112fc448afb.webp (121KB)
assets\themes\elevator-quest\art\landings\18\background.9652e78c2af08ad8832d9182504c1a7e.webp (93KB)
assets\themes\elevator-quest\art\landings\18\telescope.10cd02fe998fb278b5dd5c3b329e7326.webp (50KB)
assets\themes\elevator-quest\art\landings\19\background.b88a209f87d6abe2b247d410069f8eb8.webp (145KB)
assets\themes\elevator-quest\art\landings\19\rotor.3c2f35b6eb19b8b33b7b0347cab1eab5.webp (3.1KB)
assets\themes\elevator-quest\art\landings\2\background.7bdb72d30cca0d52640343bf8afff9e1.webp (93KB)
assets\themes\elevator-quest\art\landings\2\toolbox-open.0f3e4bd6ce0603d5d6455957404b88d9.webp (27KB)
assets\themes\elevator-quest\art\landings\2\toolbox.9b7fb30c03c3aebb90fa3caa81f7c598.webp (16KB)
assets\themes\elevator-quest\art\landings\20\background.18fa69d1a977da8cee29af8c6427821e.webp (100KB)
assets\themes\elevator-quest\art\landings\20\ball.01a4e819693622fac3d83ddd92ba8163.webp (1.5KB)
assets\themes\elevator-quest\art\landings\3\background.30ffa3c61770b2ca42324ff1c40f2101.webp (96KB)
assets\themes\elevator-quest\art\landings\4\background.32f5bbdccd80a52ec578689932682e69.webp (75KB)
assets\themes\elevator-quest\art\landings\5\background.73037f54193fd548ea5ebc6b6c3fa9fb.webp (75KB)
assets\themes\elevator-quest\art\landings\6\background.921c10f0136c6524690a3a35b50842e9.webp (74KB)
assets\themes\elevator-quest\art\landings\7\background.cf57868d90e896f8f32cb6b4dacda687.webp (102KB)
assets\themes\elevator-quest\art\landings\8\background.37dfefbbaa30b5d032d5ef706194f16a.webp (82KB)
assets\themes\elevator-quest\art\landings\9\background.7dab2bc81d127ab7322bf772bc4b89eb.webp (123KB)
assets\themes\elevator-quest\art\lifty\concerned.0ea540ecd58a215981ad5b0b4066045c.png (161KB)
assets\themes\elevator-quest\art\lifty\help.8a8e504dcdd4d3a2876e522848cf3867.png (164KB)
assets\themes\elevator-quest\art\lifty\neutral.2442a6ef1456c367b2978a14463686ae.png (165KB)
assets\themes\elevator-quest\art\lifty\quiet.8e5faca515a87c697eeb27642a5649d0.png (161KB)
assets\themes\elevator-quest\art\lifty\success.1ae95760cffbf5a20c83b8a8f891e364.png (165KB)
assets\themes\elevator-quest\art\lifty\thinking.9cae467b6b877942bcad6476e8f72c72.png (159KB)
assets\themes\elevator-quest\art\minigames\cargo\backdrop.b9935d38315474ece5d66577738eefdc.webp (96KB)
assets\themes\elevator-quest\art\minigames\cargo\crate.2021693574ea93456e76093be3607ea2.webp (184KB)
assets\themes\elevator-quest\art\minigames\cargo\freight.32740587ebb4ea2d059d4bedfaf07bde.webp (363KB)
assets\themes\elevator-quest\art\minigames\wordgolf\backdrop.bd7f6eb63f51477127906884f814764a.webp (118KB)
assets\themes\elevator-quest\art\minigames\wordgolf\flag.cae5f79628854558240dcb549df378d1.webp (17KB)
assets\themes\elevator-quest\audio\ambient-machinery.5009701e68694cb3c76892887b93c353.wav (176KB)
assets\themes\elevator-quest\audio\arrival-chime.f422d35e17b3098a357cbabe1208508f.wav (75KB)
assets\themes\elevator-quest\audio\arrival-stop.cfbeaa6397e67be36f0ea353add6c6c9.wav (18KB)
assets\themes\elevator-quest\audio\button-click.3f06e79824e218992d2689f897c9ebf1.wav (4KB)
assets\themes\elevator-quest\audio\button-confirm.7e8f1592eba7456f200ec3732fffd2d9.wav (7.1KB)
assets\themes\elevator-quest\audio\completion.b14369de41090f60bc9f0ef49b9046c2.wav (84KB)
assets\themes\elevator-quest\audio\door-motor-loop.fb65aa213306324b01e4560600533d32.wav (44KB)
assets\themes\elevator-quest\audio\door-settle.356611a4953ea951a03fe796a5355b0c.wav (11KB)
assets\themes\elevator-quest\audio\door-thud.c0d09b1a442b36b46f828ccb731870c9.wav (15KB)
assets\themes\elevator-quest\audio\elevenlabs-v1\el1-answer-right.c5010cd9b2f56fc5cb974d64a80da622.wav (53KB)
assets\themes\elevator-quest\audio\elevenlabs-v1\el1-answer-wrong.ed3a5c2c709eec7ea53ffee2cf024966.wav (28KB)
assets\themes\elevator-quest\audio\elevenlabs-v1\el1-book-open.0e406bc49da3317072cfcbcf7384551d.wav (66KB)
assets\themes\elevator-quest\audio\elevenlabs-v1\el1-brake-release.e19d25576258771d02c178411f610ff4.wav (40KB)
assets\themes\elevator-quest\audio\elevenlabs-v1\el1-brake-set.cd8c067e79ce3d6f4039568cf9ef23af.wav (49KB)
assets\themes\elevator-quest\audio\elevenlabs-v1\el1-button-light.10af8ab4b4851d5656619c5e1a884170.wav (42KB)
assets\themes\elevator-quest\audio\elevenlabs-v1\el1-button-press.d1221746a516054c72ebfc7536adea5d.wav (32KB)
assets\themes\elevator-quest\audio\elevenlabs-v1\el1-car-travel.ad5ca6ccf705393b1f911452bad82087.wav (260KB)
assets\themes\elevator-quest\audio\elevenlabs-v1\el1-chime.ce8f9f51f4d7fe7d3069c7a0b85728ec.wav (162KB)
assets\themes\elevator-quest\audio\elevenlabs-v1\el1-core-hum.22c7f5a2fa379c8da12431db51386f47.wav (115KB)
assets\themes\elevator-quest\audio\elevenlabs-v1\el1-crane-lower.7b4a02bbe01bf2a949023b3890e5ded0.wav (97KB)
assets\themes\elevator-quest\audio\elevenlabs-v1\el1-discovery.602a4551b194c3338f62cecd4593056b.wav (84KB)
assets\themes\elevator-quest\audio\elevenlabs-v1\el1-door-meet.ce3d376189c770c08aaf231db810b76d.wav (61KB)
assets\themes\elevator-quest\audio\elevenlabs-v1\el1-door-slide.808651166519f413dc05be26e9727bc1.wav (194KB)
assets\themes\elevator-quest\audio\elevenlabs-v1\el1-door-stop.80233a7873f79d44cc509b77a31d9470.wav (51KB)
assets\themes\elevator-quest\audio\elevenlabs-v1\el1-drawer-slide.dce8c89b01efaf32ed981c3a507ca657.wav (65KB)
assets\themes\elevator-quest\audio\elevenlabs-v1\el1-fan-start.f097e23fc4f993237ff513c468b813ed.wav (96KB)
assets\themes\elevator-quest\audio\elevenlabs-v1\el1-gear-turn.93d45eb7957ad5a2b52c6642076256dd.wav (57KB)
assets\themes\elevator-quest\audio\elevenlabs-v1\el1-golf-putt.5cdeb46106b42a8ed6b947209db9f466.wav (161KB)
assets\themes\elevator-quest\audio\elevenlabs-v1\el1-machine-room.c5574cc80ad102e844617643d8dfe62f.wav (519KB)
assets\themes\elevator-quest\audio\elevenlabs-v1\el1-mission-complete.cc05a9f4c6fdc1e3f059487046bfd0ed.wav (140KB)
assets\themes\elevator-quest\audio\elevenlabs-v1\el1-power-up.2b934b0e372e454de95c765d921da30b.wav (176KB)
assets\themes\elevator-quest\audio\elevenlabs-v1\el1-radio-static.54b0037d299d06c905c69385b7d5cae6.wav (46KB)
assets\themes\elevator-quest\audio\elevenlabs-v1\el1-spring-boing.3630a67253a901b95a2588643ecd7744.wav (71KB)
assets\themes\elevator-quest\audio\elevenlabs-v1\el1-telescope-turn.8dde15fd3e5c5bdd97b422f77d1ff62c.wav (52KB)
assets\themes\elevator-quest\audio\elevenlabs-v1\el1-toolbox-close.aad166190f950e667176fb5afefb6d69.wav (25KB)
assets\themes\elevator-quest\audio\elevenlabs-v1\el1-toolbox-open.4bb25c2c97a779ca264bee0a92a4fee8.wav (36KB)
assets\themes\elevator-quest\audio\elevenlabs-v1\el1-windmill-turn.d8fb609f5a44739677711811dc2d2259.wav (108KB)
assets\themes\elevator-quest\audio\elevenlabs-v2\el2-crate-pick.a8ba5fbe18eb57955412eca1b43e8503.wav (19KB)
assets\themes\elevator-quest\audio\elevenlabs-v2\el2-crate-place.e202d63133aecf2dbe0f231fccb80270.wav (24KB)
assets\themes\elevator-quest\audio\elevenlabs-v2\el2-delivery-complete.1c69911fa86977a1870985170465aeb8.wav (106KB)
assets\themes\elevator-quest\audio\elevenlabs-v2\el2-freight-move.43e805d2b7050da7964adf04cee035c2.wav (188KB)
assets\themes\elevator-quest\audio\elevenlabs-v2\el2-gauge-tick.7e0e7afee0a920ce53b043b45a221321.wav (14KB)
assets\themes\elevator-quest\audio\elevenlabs-v2\el2-golf-cup.2cdd7965b364af92107be6164b9ca7d5.wav (48KB)
assets\themes\elevator-quest\audio\elevenlabs-v2\el2-golf-hit.d6df42e0a2ea6f2a8c133c5bef2fe0bb.wav (7.1KB)
assets\themes\elevator-quest\audio\elevenlabs-v2\el2-golf-roll.74995fea6ab6c9ab5e3bc0cd353d503c.wav (191KB)
assets\themes\elevator-quest\audio\elevenlabs-v2\el2-hole-complete.ee2805a9c610fb7ec6787d491915936a.wav (172KB)
assets\themes\elevator-quest\audio\elevenlabs-v2\el2-tile-place.16028eb66207f24caef1521b64bfe115.wav (13KB)
assets\themes\elevator-quest\audio\elevenlabs-v2\el2-tile-undo.721e0dc4e319cbb7c5c637ca6c042587.wav (20KB)
assets\themes\elevator-quest\audio\motor-slow.c4732f26b61d47f18bf9e0bf94bcd3e8.wav (44KB)
assets\themes\elevator-quest\audio\motor-start.e0ea14e718d4a9e094faf903b24349e0.wav (35KB)
assets\themes\elevator-quest\audio\narration-v1\w01.bf6ef22a84f58d436dbebc2e4ae3620f.mp3 (33KB)
assets\themes\elevator-quest\audio\narration-v1\w02.fd6846ad8c80558a4a5b3ba87892a1d2.mp3 (30KB)
assets\themes\elevator-quest\audio\narration-v1\w03.5c756b8eb1b5f4a0c1ec5443c98bdc17.mp3 (25KB)
assets\themes\elevator-quest\audio\narration-v1\w04.5ea228f2a03f7812109b6399792de246.mp3 (32KB)
assets\themes\elevator-quest\audio\narration-v1\w05.2f0ef9ef3dbe32b4e2147c2d5b3ff201.mp3 (28KB)
assets\themes\elevator-quest\audio\narration-v1\w06.ee369ada744660dab1d1c2b627d82466.mp3 (26KB)
assets\themes\elevator-quest\audio\narration-v1\w07.8169a635b43868ac691e586eb7f0f6a6.mp3 (32KB)
assets\themes\elevator-quest\audio\narration-v1\w08.1370ae127ec402f5933eb630245076bd.mp3 (27KB)
assets\themes\elevator-quest\audio\narration-v1\w09.5cb63bb14597a1d39c7d9cec31e768e3.mp3 (25KB)
assets\themes\elevator-quest\audio\narration-v1\w10.c6feb97d470e742115752cb05374668d.mp3 (34KB)
assets\themes\elevator-quest\audio\narration-v1\w11.c19db319f8308648ba34ce88c97d72fe.mp3 (27KB)
assets\themes\elevator-quest\audio\narration-v1\w12.701b998133737dcd2196a341ee835936.mp3 (31KB)
assets\themes\elevator-quest\audio\narration-v1\w13.d6f4ababdb0b80f41748b142930e57c9.mp3 (30KB)
assets\themes\elevator-quest\audio\narration-v1\w14.8ed2217341a68394b7fe4e7ae21a26bd.mp3 (23KB)
assets\themes\elevator-quest\audio\narration-v1\w15.aa706e714dcd0cc4eb856f9e9fcd85b1.mp3 (31KB)
assets\themes\elevator-quest\audio\narration-v1\w16.199a0d743ac31d3f25be22657b16dd7f.mp3 (27KB)
assets\themes\elevator-quest\audio\narration-v1\w17.f3cddddfa5d68567d0bc2a5cd04038c5.mp3 (25KB)
assets\themes\elevator-quest\audio\narration-v1\w18.c1cb79a7b641d2ad60206df09cb35964.mp3 (28KB)
assets\themes\elevator-quest\audio\narration-v1\w19.64e29b73fa513f830ca67816078aeacd.mp3 (28KB)
assets\themes\elevator-quest\audio\narration-v1\w20.ac3fae822783f3c8e49a1a6901957394.mp3 (31KB)
assets\themes\elevator-quest\audio\narration-v1\w21.0a7a015489e122143939455c7a8ae4e2.mp3 (27KB)
assets\themes\elevator-quest\audio\narration-v1\w22.3395e1924aa27e7821b41be1670ffd6d.mp3 (31KB)
assets\themes\elevator-quest\audio\narration-v1\w23.aeeecace125cf7f8ff8e8448f3aa9361.mp3 (28KB)
assets\themes\elevator-quest\audio\narration-v1\w24.355fab4a916096afd7f66301ec64a157.mp3 (28KB)
assets\themes\elevator-quest\audio\narration-v1\w25.50282e9edf6e29f4f03574d0d9dc401a.mp3 (31KB)
assets\themes\elevator-quest\audio\narration-v1\w26.a028c96d322621b3834a55848b21f639.mp3 (34KB)
assets\themes\elevator-quest\audio\narration-v1\w27.fa40be89713f60119d876ddbd3711144.mp3 (28KB)
assets\themes\elevator-quest\audio\narration-v1\w28.75b60defe76fcf557aa495c5129a397f.mp3 (25KB)
assets\themes\elevator-quest\audio\narration-v1\w29.70c2d9f10834e9045bd132e3c27afc88.mp3 (27KB)
assets\themes\elevator-quest\audio\narration-v1\w30.cbd3122571dcdab11dd2dea8cdb8b63a.mp3 (29KB)
assets\themes\elevator-quest\audio\narration-v1\w31.fbcc0502b88b4a61999d6deddbbd5631.mp3 (33KB)
assets\themes\elevator-quest\audio\narration-v1\w32.3f3c3a51273ad7fa9146e1060be5ad90.mp3 (33KB)
assets\themes\elevator-quest\audio\narration-v1\w33.77c53a116f0723b5448704f2bfadf482.mp3 (31KB)
assets\themes\elevator-quest\audio\narration-v1\w34.4357805f46a0c08f3c1491f90ec80034.mp3 (29KB)
assets\themes\elevator-quest\audio\narration-v1\w35.14c431a299a0c1ba1b1cfdc05934b082.mp3 (31KB)
assets\themes\elevator-quest\audio\narration-v1\w36.daae54ab55b46925a80d622e5f948732.mp3 (29KB)
assets\themes\elevator-quest\audio\narration-v1\w37.e750041ab1602554a027d7d94b4aee53.mp3 (33KB)
assets\themes\elevator-quest\audio\narration-v1\w39.521c963382d6b41097157ca24a3b5ce2.mp3 (30KB)
assets\themes\elevator-quest\audio\overload-tone.927a8dd510fb51f3eeaa673d9c991f7b.wav (31KB)
assets\themes\elevator-quest\audio\power-restore.01ba21c533aac62825aa4c6043611e9b.wav (88KB)
assets\themes\elevator-quest\audio\travel-loop.2b52afd2da16f6e3ffc14e6832e2864f.wav (88KB)
assets\themes\magical-kingdom\castle.2a981517b94b61ed647105b4a66e4ba2.png (2.8MB)
assets\themes\magical-kingdom\garden.71e58c3654b8a3257cf39dca01e4acd4.png (3.5MB)
assets\themes\magical-kingdom\ice.619000c750f0ac376d8c95136ab93d10.png (3.1MB)
assets\themes\magical-kingdom\princess-concept.aa067eaeebd60e43e8b936c2c168767f.png (2MB)

› web bundles (1):
_expo/static/js/web/index-8d648d37b75e139e2de981d3e1e92e1e.js (4.1MB)

› Files (2):
index.html (1.2KB)
metadata.json (49B)

Exported: dist-web
